C51 COMPILER V9.60.0.0   ____________________2                                             05/13/2020 15:42:37 PAGE 1   


C51 COMPILER V9.60.0.0, COMPILATION OF MODULE ____________________2
OBJECT MODULE PLACED IN .\Objects\红外传感器控制电磁阀2.obj
COMPILER INVOKED BY: C:\PersonalProgramFiles\Keil5\C51\BIN\C51.EXE 红外传感器控制电磁阀2.c OPTIMIZE(8,SPEED) BROWSE DEBU
                    -G OBJECTEXTEND PRINT(.\Listings\红外传感器控制电磁阀2.lst) TABS(2) OBJECT(.\Objects\红外传感器控制电磁阀2.obj)

line level    source

   1          #include <STC15.h>
   2          #include <intrins.h>
   3          
   4          sbit Relay=P1^1;              //继电器  用于间接控制电磁阀
   5          sbit Infrared_sensor=P1^2;   //红外传感器  用于控制继电器的开启与关闭
   6          
   7          void Delay10ms()    //@12.000MHz
   8          {
   9   1        unsigned char i, j;
  10   1      
  11   1        i = 117;
  12   1        j = 184;
  13   1        do
  14   1        {
  15   2          while (--j);
  16   2        } while (--i);
  17   1      }
  18          
  19          void main()
  20          {
  21   1        Relay=1;           //继电器断开状态
  22   1        while(1)
  23   1        {
  24   2          unsigned int a=0; 
  25   2          P1:
  26   2          Relay=1;           //继电器断开状态
  27   2          if(Infrared_sensor==0)         //如果传感器检测到物体
  28   2          {
  29   3            while(1)                     //继电器持续断开，直到传感器检测不到物体，去P2
  30   3            {
  31   4              Relay=1;
  32   4              if(Infrared_sensor==1)          
  33   4              {
  34   5                goto P2;
  35   5              } 
  36   4            }
  37   3            
  38   3            P2:
  39   3            for(a=0;a<=30000;a++)          //延时5min，且在5min内继电器状态都为闭合
  40   3            {
  41   4              Relay=0;
  42   4              Delay10ms();
  43   4              if(Infrared_sensor==0)        //5min延时内，如果检测到物体，继电器持续闭合
  44   4              {
  45   5                while(1)
  46   5                {
  47   6                  for(a=0;a<=30000;a++)
  48   6                  {
  49   7                    Relay=0;
  50   7                    if(Infrared_sensor==1)     //当传感器检测不到物体时，去P1
  51   7                    {
  52   8                    goto P1;
  53   8                    }
  54   7                  }
C51 COMPILER V9.60.0.0   ____________________2                                             05/13/2020 15:42:37 PAGE 2   

  55   6                  goto P1;
  56   6                }
  57   5              }
  58   4            }
  59   3          }
  60   2        }
  61   1      }
  62          
  63          
  64          /*
  65          void delay30ms()    //@12.000MHz
  66          {
  67            unsigned char i, j, k;
  68          
  69            _nop_();
  70            _nop_();
  71            i = 2;
  72            j = 95;
  73            k = 43;
  74            do
  75            {
  76              do
  77              {
  78                while (--k);
  79              } while (--j);
  80            } while (--i);
  81          }
  82          
  83          
  84          void delay50ms()    //@12.000MHz
  85          {
  86            unsigned char i, j, k;
  87          
  88            _nop_();
  89            _nop_();
  90            i = 3;
  91            j = 72;
  92            k = 161;
  93            do
  94            {
  95              do
  96              {
  97                while (--k);
  98              } while (--j);
  99            } while (--i);
 100          }
 101          */
 102          
 103          /*
 104          void Delay60ms()    //@12.000MHz
 105          {
 106            unsigned char i, j, k;
 107          
 108            _nop_();
 109            _nop_();
 110            i = 3;
 111            j = 189;
 112            k = 92;
 113            do
 114            {
 115              do
 116              {
C51 COMPILER V9.60.0.0   ____________________2                                             05/13/2020 15:42:37 PAGE 3   

 117                while (--k);
 118              } while (--j);
 119            } while (--i);
 120          }
 121          
 122          void Delay100ms()   //@12.000MHz
 123          {
 124            unsigned char i, j, k;
 125          
 126            _nop_();
 127            _nop_();
 128            i = 5;
 129            j = 144;
 130            k = 71;
 131            do
 132            {
 133              do
 134              {
 135                while (--k);
 136              } while (--j);
 137            } while (--i);
 138          }
 139          
 140          
 141          
 142          void Delay500ms()   //@12.000MHz
 143          {
 144            unsigned char i, j, k;
 145            _nop_();
 146            _nop_();
 147            i = 23;
 148            j = 205;
 149            k = 120;
 150            do
 151            {
 152              do
 153              {
 154                while (--k);
 155              } while (--j);
 156            } while (--i);
 157          }
 158          
 159          void Delay1min()
 160          {
 161            unsigned int a=0;
 162            for(a=0;a<=120;a++)
 163            {
 164              Delay500ms();
 165            }
 166          }
 167          
 168          void Delay5min()
 169          {
 170            unsigned int a=0;
 171            for(a=0;a<=600;a++)
 172            {
 173              Delay500ms();
 174            }
 175          }
 176          */
 177            
 178          
C51 COMPILER V9.60.0.0   ____________________2                                             05/13/2020 15:42:37 PAGE 4   

 179          /*
 180          
 181          误差较大的延时
 182          void delay30ms(void)   //误差 -0.000000000002us
 183          {
 184              unsigned char a,b,c;
 185              for(c=3;c>0;c--)
 186                  for(b=212;b>0;b--)
 187                      for(a=140;a>0;a--);
 188          }
 189          
 190          void delay50ms(void)   //误差 -0.000000000003us
 191          {
 192              unsigned char a,b,c;
 193              for(c=123;c>0;c--)
 194                  for(b=116;b>0;b--)
 195                      for(a=9;a>0;a--);
 196          }
 197          */
 198          
 199          
 200          /*
 201          之前写的一部分代码参考
 202          void main()
 203          {
 204            Initialize();
 205            while(1)
 206            {
 207              if(Infrared_sensor==0)
 208              {
 209                Infrared_sensor=0;
 210                delay50ms();
 211                Infrared_sensor=1;
 212                Relay=~Relay;
 213              }
 214              while(Infrared_sensor);
 215            }
 216          }
 217          
 218          
 219          
 220          
 221          void main()
 222          {
 223            Initialize();     //上电初始化
 224            while(1)
 225            {
 226              unsigned int a=0;
 227              Relay=1;          //继电器复位
 228              P1:
 229              if(Infrared_sensor1==0)     //如果红外传感器1检测到物体
 230              {
 231                P2:
 232                Infrared_sensor1=0;                
 233                Delay100ms();             //保持传感器输出为0持续100ms，即检测到物体持续100ms
 234                Infrared_sensor1=1;       //控制传感器1输出为1，取消保持
 235                
 236                if(Infrared_sensor2==0)     //如果红外传感器2受到阻挡
 237                {
 238                  Infrared_sensor2=0;
 239                  Delay60ms();             //保持传感器输出为0持续60ms，即认为有物体持续阻挡了60ms
 240                  Infrared_sensor2=1;      //控制传感器2输出为1，取消保持
C51 COMPILER V9.60.0.0   ____________________2                                             05/13/2020 15:42:37 PAGE 5   

 241                  while(1)
 242                  {
 243                    Relay=1;              //初始化传感器1与传感器2与以及继电器
 244                    if(Infrared_sensor2==1)    //如果传感器2没有被阻挡，则跳出循环
 245                    {
 246                      break;
 247                    }
 248                  }
 249                }
 250                Relay=~Relay;             //继电器状态翻转
 251                for(a=0;a<=6000;a++)
 252                {
 253                  Delay50ms();
 254                  if(Infrared_sensor1==0||Infrared_sensor2==0)  //在延时过程中有任何一个传感器受到阻挡即刻退出
 255                  {
 256                    goto P1;
 257                  }
 258                }     //继电器持续运行的最大时间5min
 259              }
 260              if(Infrared_sensor2==0)     //如果红外传感器2先受到阻挡
 261              {
 262                goto P2;
 263              }
 264            }
 265          }
 266          */
 267          
 268          
 269          /*
 270          void main()
 271          {
 272            Initialize();
 273            while(1)
 274            {
 275              unsigned int a=0; 
 276              Initialize();
 277              if(Infrared_sensor1==0)
 278              {
 279                while(1)
 280                {
 281                  Relay=1;
 282                  if(Infrared_sensor1==1)
 283                  {
 284                    Relay=0;
 285                  }
 286                  break;
 287                }
 288                
 289                for(a=0;a<=6000;a++)
 290                {
 291                Delay50ms();
 292                if(Infrared_sensor1==0)
 293                {
 294                  Relay=1;
 295                  break;
 296                }
 297                while(!Infrared_sensor1);
 298                }
 299              }
 300            }
 301            
 302          }
C51 COMPILER V9.60.0.0   ____________________2                                             05/13/2020 15:42:37 PAGE 6   

 303          
 304          */


MODULE INFORMATION:   STATIC OVERLAYABLE
   CODE SIZE        =     91    ----
   CONSTANT SIZE    =   ----    ----
   XDATA SIZE       =   ----    ----
   PDATA SIZE       =   ----    ----
   DATA SIZE        =   ----       2
   IDATA SIZE       =   ----    ----
   BIT SIZE         =   ----    ----
END OF MODULE INFORMATION.


C51 COMPILATION COMPLETE.  0 WARNING(S),  0 ERROR(S)
